exports[`Auth renders as expected 1`] = `
<section>
  <form
    onSubmit={undefined}>
    <label
      htmlFor="authtoken">
      Please provide your auth token
    </label>
    <input
      id="authtoken"
      onChange={undefined}
      value={undefined} />
  </form>
  <button
    onClick={undefined}>
    Get Repos/Projects
  </button>
</section>
`;
