exports[`Auth renders as expected 1`] = `
<section>
  <form
    onSubmit={[Function]}>
    <Textfield
      id="authtoken"
      label="Please provide your auth token"
      onChange={[Function]}
      value="authtoken" />
  </form>
  <Button
    colored={true}
    onClick={[Function]}
    raised={true}
    ripple={true}>
    Get Stuff
  </Button>
</section>
`;
