exports[`Repo renders as expected 1`] = `
<div
  className="mdl-layout__drawer">
  <nav
    className="mdl-navigation">
    <a
      className="mdl-navigation__link"
      href="#"
      id="repoID1"
      onClick={undefined}>
      repo/1
    </a>
    <a
      className="mdl-navigation__link"
      href="#"
      id="repoID2"
      onClick={undefined}>
      repo/2
    </a>
  </nav>
</div>
`;
