exports[`index renders without crashing 1`] = `"{\"props\":{\"store\":{},\"children\":{\"key\":null,\"ref\":null,\"props\":{},\"_owner\":null,\"_store\":{}}},\"context\":{},\"refs\":{},\"updater\":{},\"store\":{},\"_reactInternalInstance\":\"censored\",\"state\":null}"`;

exports[`index shallow renders without crashing 1`] = `
<Provider
  store={
    Object {
      "dispatch": [Function],
      "getState": [Function],
      "replaceReducer": [Function],
      "subscribe": [Function],
    }
  }>
  <Connect(App) />
</Provider>
`;
